<?xml version="1.0"?>
<testsuite name="Chrome Headless 137.0.0.0 (Windows 10)" package="" timestamp="2025-07-02T06:15:31" id="0" hostname="DESKTOP-QNKEKUP" tests="3" errors="0" failures="0" time="0.085">
  <properties>
    <property name="browser.fullName" value="Mozilla/5.0 (Windows NT 10.0; Win64; x64) AppleWebKit/537.36 (KHTML, like Gecko) HeadlessChrome/137.0.0.0 Safari/537.36"/>
  </properties>
  <testcase name="HeroesComponent should display list of heroes" time="0.069" classname="HeroesComponent"/>
  <testcase name="HeroesComponent should update hero name in input box" time="0.011" classname="HeroesComponent"/>
  <testcase name="HeroesComponent should display selected hero details when clicked" time="0.005" classname="HeroesComponent"/>
  <system-out>
    <![CDATA[
]]>
  </system-out>
  <system-err/>
</testsuite>